.next/types/validator.ts(62,39): error TS2307: Cannot find module '../../app/(dashboard)/agreements/new/page.js' or its corresponding type declarations.
.next/types/validator.ts(71,39): error TS2307: Cannot find module '../../app/(dashboard)/page.js' or its corresponding type declarations.
.next/types/validator.ts(138,39): error TS2307: Cannot find module '../../app/(dashboard)/layout.js' or its corresponding type declarations.
